---
source: crates/agent/src/discovers/specs.rs
expression: path_merge_out
---
(
    [
        UsedBinding {
            target: Collection(
                "acmeCo/my/foo",
            ),
            document_schema: Schema(
                RawValue(
                    {"const":"foo"},
                ),
            ),
            key: [
                "/foo-key",
            ],
            resource_path: [
                "foo",
            ],
        },
        UsedBinding {
            target: Collection(
                "acmeCo/my/bar",
            ),
            document_schema: Schema(
                RawValue(
                    {"const":"bar"},
                ),
            ),
            key: [
                "/bar-key",
            ],
            resource_path: [
                "bar",
            ],
        },
    ],
    {
        [
            "bar",
        ]: Collection(
            "acmeCo/my/bar",
        ),
        [
            "foo",
        ]: Collection(
            "acmeCo/my/foo",
        ),
    },
    {},
)
