---
source: crates/agent/src/discovers/specs.rs
expression: out
---
(
    [
        UsedBinding {
            target: Collection(
                "acmeCo/renamed",
            ),
            document_schema: Schema(
                RawValue(
                    {"const":"discovered"},
                ),
            ),
            key: [],
            resource_path: [
                "foo",
            ],
        },
        UsedBinding {
            target: Collection(
                "acmeCo/renamed-namepaced",
            ),
            document_schema: Schema(
                RawValue(
                    {"const":"discovered-namepaced"},
                ),
            ),
            key: [],
            resource_path: [
                "foo",
                "spacename",
            ],
        },
        UsedBinding {
            target: Collection(
                "acmeCo/other",
            ),
            document_schema: Schema(
                RawValue(
                    false,
                ),
            ),
            key: [],
            resource_path: [
                "bar",
            ],
        },
        UsedBinding {
            target: Collection(
                "test/collection/disabled",
            ),
            document_schema: Schema(
                RawValue(
                    false,
                ),
            ),
            key: [],
            resource_path: [
                "disabled",
            ],
        },
    ],
    {
        [
            "bar",
        ]: Collection(
            "acmeCo/other",
        ),
    },
    {
        [
            "removed",
        ]: Collection(
            "acmeCo/discarded",
        ),
    },
)
